--------Welcome to Address Book---------
Enter '1' to Add contact
Enter '2' to Search contact
Enter '3' to Print contact
Enter '4' to Edit contact
Enter '5' to Delete contact
Enter '0' to Exit
Do you want to print contacts, add contact, search for contact, edit contact, or delete contact?
Answer with '1', '2', '3', '4', '5' or '0' to exit application.
Do you want to search beased on name or based on phone?
Give '1' or '2' or anser '0' to return to main menu.
Give Phone number: 
Give mobile number: 
----There is a contact for the Phone number you gave----
Name: Ashish
Surname: Gatsy
Mobile: 56
Phone: 65
Email: a@gmail.com
Street: str2
Street_Number: 2
Town: town2
ZipCode: 50602
-------------------
Do you want to search beased on name or based on phone?
Give '1' or '2' or anser '0' to return to main menu.
Do you want to search beased on name or based on phone?
Give '1' or '2' or anser '0' to return to main menu.
--------Welcome to Address Book---------
Enter '1' to Add contact
Enter '2' to Search contact
Enter '3' to Print contact
Enter '4' to Edit contact
Enter '5' to Delete contact
Enter '0' to Exit
Do you want to print contacts, add contact, search for contact, edit contact, or delete contact?
Answer with '1', '2', '3', '4', '5' or '0' to exit application.
Application terminating...
